<html>
<body>
<pre>
<h1>礦ision Build Log</h1>
<h2>Tool Versions:</h2>
IDE-Version: μVision V5.38.0.0
Copyright (C) 2022 ARM Ltd and ARM Germany GmbH. All rights reserved.
License Information: w 1184197761@qq.com, z, LIC=LSNXV-PQSEQ-QDEKD-8JTFE-9YMS2-45VLE
 
Tool Versions:
Toolchain:       MDK-ARM Plus  Version: 5.38.0.0
Toolchain Path:  C:\Keil_v5\ARM\ARMCLANG\Bin
C Compiler:      ArmClang.exe V6.19
Assembler:       Armasm.exe V6.19
Linker/Locator:  ArmLink.exe V6.19
Library Manager: ArmAr.exe V6.19
Hex Converter:   FromElf.exe V6.19
CPU DLL:         SARMCM3.DLL V5.38.0.0
Dialog DLL:      DCM.DLL V1.17.5.0
Target DLL:      CMSIS_AGDI.dll V1.33.15.0
Dialog DLL:      TCM.DLL V1.56.4.0
 
<h2>Project:</h2>
C:\Users\11841\Documents\svn\Digital_RAD_Power_Department\11_FAE\Wuwenzhan\TAE32F53xx_FW_ReleaseV1.4.7\ProjectVOFA\Project\MDK\Project.uvprojx
Project File Date:  01/11/2023

<h2>Output:</h2>
*** Using Compiler 'V6.19', folder: 'C:\Keil_v5\ARM\ARMCLANG\Bin'
Build target 'FLASH'
compiling user_vofa.c...
creating list file for user_vofa.c...
linking...
Program Size: Code=17008 RO-data=1840 RW-data=12 ZI-data=2232  
FromELF: creating hex file...
After Build - User command #1: .\FLASH\AfterBuildHandler.bat C:\Keil_v5\ARM\ARMCLANG\include C:\Users\11841\Documents\svn\Digital_RAD_Power_Department\11_FAE\Wuwenzhan\TAE32F53xx_FW_ReleaseV1.4.7\ProjectVOFA\Project\MDK\FLASH\Objects\Project.axf
已复制         1 个文件。
已复制         1 个文件。
已复制         1 个文件。
Hex file detected!BaseAddress=0x8000000
Operation successed!
".\FLASH\Objects\Project.axf" - 0 Error(s), 0 Warning(s).

<h2>Software Packages used:</h2>

Package Vendor: ARM
                http://www.keil.com/pack/ARM.CMSIS.5.9.0.pack
                ARM.CMSIS.5.9.0
                CMSIS (Common Microcontroller Software Interface Standard)
   * Component: CORE Version: 5.6.0

Package Vendor: Tai-Action
                https://www.keil.com/pack/Tai-Action.TAE32F53xx_DFP.1.4.7.pack
                Tai-Action.TAE32F53xx_DFP.1.4.7
                Device Family Pack For Tai-Action TAE32 Series

<h2>Collection of Component include folders:</h2>
  ./RTE/_FLASH
  C:/Users/11841/AppData/Local/Arm/Packs/ARM/CMSIS/5.9.0/CMSIS/Core/Include

<h2>Collection of Component Files used:</h2>

   * Component: ARM::CMSIS:CORE:5.6.0
Build Time Elapsed:  00:00:03
</pre>
</body>
</html>
